WARNING: A restricted method in java.lang.System has been called
WARNING: java.lang.System::load has been called by net.rubygrapefruit.platform.internal.NativeLibraryLoader in an unnamed module (file:/media/crystalneko/enkoo/java/pvzce/.gradle-user/wrapper/dists/gradle-9.3.0-bin/79n14ral3mx1ozqr3csh2u872/gradle-9.3.0/lib/native-platform-0.22-milestone-29.jar)
WARNING: Use --enable-native-access=ALL-UNNAMED to avoid a warning for callers in this module
WARNING: Restricted methods will be blocked in a future release unless native access is enabled

Initialized native services in: /media/crystalneko/enkoo/java/pvzce/.gradle-user/native
Initialized jansi services in: /media/crystalneko/enkoo/java/pvzce/.gradle-user/native
Removing 16 daemon stop events from registry
Previous Daemon (113) stopped at Thu Sep 24 22:12:43 PST 2026 by user or operating system
Previous Daemon (112) stopped at Thu Sep 24 22:13:03 PST 2026 by user or operating system
Previous Daemon (55) stopped at Thu Sep 24 22:13:22 PST 2026 by user or operating system
Previous Daemon (58) stopped at Thu Sep 24 22:13:52 PST 2026 by user or operating system
Previous Daemon (114) stopped at Thu Sep 24 22:14:42 PST 2026 by user or operating system
Previous Daemon (56) stopped at Thu Sep 24 22:15:23 PST 2026 by user or operating system
Previous Daemon (110) stopped at Thu Sep 24 22:15:35 PST 2026 by user or operating system
Previous Daemon (57) stopped at Thu Sep 24 22:16:13 PST 2026 by user or operating system
Previous Daemon (59) stopped at Thu Sep 24 22:17:07 PST 2026 by user or operating system
Previous Daemon (108) stopped at Thu Sep 24 22:20:26 PST 2026 by user or operating system
Previous Daemon (53) stopped at Thu Sep 24 22:20:50 PST 2026 by user or operating system
Previous Daemon (111) stopped at Thu Sep 24 22:21:10 PST 2026 by user or operating system
Previous Daemon (160) stopped at Thu Sep 24 22:21:23 PST 2026 by user or operating system
Previous Daemon (104) stopped at Thu Sep 24 22:21:54 PST 2026 by user or operating system
Previous Daemon (166) stopped at Thu Sep 24 22:24:40 PST 2026 by user or operating system
Previous Daemon (109) stopped at Thu Sep 24 22:25:11 PST 2026 by user or operating system
Previous Daemon (52) stopped at Thu Sep 24 22:26:39 PST 2026 by user or operating system
Starting a Gradle Daemon, 1 busy and 17 stopped Daemons could not be reused, use --status for details
Starting process 'Gradle build daemon'. Working directory: /media/crystalneko/enkoo/java/pvzce/.gradle-user/daemon/9.3.0 Command: /usr/lib/jvm/java-25-openjdk-amd64/bin/java --add-opens=java.base/java.lang=ALL-UNNAMED --add-opens=java.base/java.lang.invoke=ALL-UNNAMED --add-opens=java.base/java.util=ALL-UNNAMED --add-opens=java.prefs/java.util.prefs=ALL-UNNAMED --add-exports=jdk.compiler/com.sun.tools.javac.api=ALL-UNNAMED --add-exports=jdk.compiler/com.sun.tools.javac.util=ALL-UNNAMED --add-opens=java.base/java.util=ALL-UNNAMED --add-opens=java.prefs/java.util.prefs=ALL-UNNAMED --add-opens=java.base/java.nio.charset=ALL-UNNAMED --add-opens=java.base/java.net=ALL-UNNAMED --add-opens=java.base/java.util.concurrent=ALL-UNNAMED --add-opens=java.base/java.util.concurrent.atomic=ALL-UNNAMED --add-opens=java.xml/javax.xml.namespace=ALL-UNNAMED --add-opens=java.base/java.time=ALL-UNNAMED --enable-native-access=ALL-UNNAMED -Xmx2048M -Dfile.encoding=UTF-8 -Duser.country=CN -Duser.language=zh -Duser.variant -cp /media/crystalneko/enkoo/java/pvzce/.gradle-user/wrapper/dists/gradle-9.3.0-bin/79n14ral3mx1ozqr3csh2u872/gradle-9.3.0/lib/gradle-daemon-main-9.3.0.jar -javaagent:/media/crystalneko/enkoo/java/pvzce/.gradle-user/wrapper/dists/gradle-9.3.0-bin/79n14ral3mx1ozqr3csh2u872/gradle-9.3.0/lib/agents/gradle-instrumentation-agent-9.3.0.jar org.gradle.launcher.daemon.bootstrap.GradleDaemon 9.3.0
Successfully started process 'Gradle build daemon'
An attempt to start the daemon took 0.444 secs.
The client will now receive all logging from the daemon (pid: 55). The daemon log file: /media/crystalneko/enkoo/java/pvzce/.gradle-user/daemon/9.3.0/daemon-55.out.log
Starting build in new daemon [memory: 2 GiB]
Using 32 worker leases.
Operational build model parameters: {requiresToolingModels=false, parallelProjectExecution=true, configureOnDemand=false, configurationCache=false, configurationCacheParallelStore=false, configurationCacheParallelLoad=true, isolatedProjects=false, parallelProjectConfiguration=false, intermediateModelCache=false, parallelToolingApiActions=true, invalidateCoupledProjects=false, modelAsProjectDependency=false, resilientModelBuilding=false}
Received JVM installation metadata from '/usr/lib/jvm/java-25-openjdk-amd64': {JAVA_HOME=/usr/lib/jvm/java-25-openjdk-amd64, JAVA_VERSION=25.0.4.1, JAVA_VENDOR=Ubuntu, RUNTIME_NAME=OpenJDK Runtime Environment, RUNTIME_VERSION=25.0.4.1+1-1-26.04.4-Ubuntu, VM_NAME=OpenJDK 64-Bit Server VM, VM_VERSION=25.0.4.1+1-1-26.04.4-Ubuntu, VM_VENDOR=Ubuntu, OS_ARCH=amd64}
Watching the file system is configured to be enabled if available
Now considering [/media/crystalneko/enkoo/java/pvzce] as hierarchies to watch
File system watching is active
Starting Build
Settings evaluated using settings file '/media/crystalneko/enkoo/java/pvzce/settings.gradle'.
Projects loaded. Root project using build file '/media/crystalneko/enkoo/java/pvzce/build.gradle'.
Included projects: [root project 'pvzce', project ':pvzce-api', project ':pvzce-game', project ':pvzce-loader', project ':pvzce-mod-template']

> Configure project :
Evaluating root project 'pvzce' using build file '/media/crystalneko/enkoo/java/pvzce/build.gradle'.
Resolved plugin [id: 'java']

> Configure project :pvzce-api
Evaluating project ':pvzce-api' using build file '/media/crystalneko/enkoo/java/pvzce/pvzce-api/build.gradle'.
Resolved plugin [id: 'java-library']

> Configure project :pvzce-game
Evaluating project ':pvzce-game' using build file '/media/crystalneko/enkoo/java/pvzce/pvzce-game/build.gradle'.
Resolved plugin [id: 'java-library']
Resolved plugin [id: 'application']
Resource missing. [HTTP HEAD: https://plugins.gradle.org/m2/com/gradleup/shadow/com.gradleup.shadow.gradle.plugin/9.2.2/com.gradleup.shadow.gradle.plugin-9.2.2.jar]
Resolved plugin [id: 'com.gradleup.shadow', version: '9.2.2']
Skipping Develocity integration for Shadow plugin.
Setting org.gradle.jvm.version attribute for shadowRuntimeElements configuration.
Setting target JVM version to 21 for shadowRuntimeElements configuration.
Adding shadowRuntimeElements variant to Java component.

> Configure project :pvzce-loader
Evaluating project ':pvzce-loader' using build file '/media/crystalneko/enkoo/java/pvzce/pvzce-loader/build.gradle'.
Resolved plugin [id: 'java-library']

> Configure project :pvzce-mod-template
Evaluating project ':pvzce-mod-template' using build file '/media/crystalneko/enkoo/java/pvzce/pvzce-mod-template/build.gradle'.
Resolved plugin [id: 'java-library']
All projects evaluated.
Task path ':pvzce-game:test' matched project ':pvzce-game'
Task name matched 'test'
Selected primary task 'test' from project :pvzce-game
Path for java installation '/usr/lib/jvm/openjdk-21' (Common Linux Locations) auto-detected does not contain a java executable
Path for java installation '/usr/lib/jvm/openjdk-25' (Common Linux Locations) auto-detected does not contain a java executable
Starting process 'command '/home/crystalneko/.jdks/ms-21.0.11/bin/java''. Working directory: /media/crystalneko/enkoo/java/pvzce/.gradle-user/.tmp/tmp-jvm9427340669865186976probe Command: /home/crystalneko/.jdks/ms-21.0.11/bin/java -Xmx32m -Xms32m -cp . JavaProbe
Successfully started process 'command '/home/crystalneko/.jdks/ms-21.0.11/bin/java''
Received JVM installation metadata from '/home/crystalneko/.jdks/ms-21.0.11': {JAVA_HOME=/home/crystalneko/.jdks/ms-21.0.11, JAVA_VERSION=21.0.11, JAVA_VENDOR=Microsoft, RUNTIME_NAME=OpenJDK Runtime Environment, RUNTIME_VERSION=21.0.11+10-LTS, VM_NAME=OpenJDK 64-Bit Server VM, VM_VERSION=21.0.11+10-LTS, VM_VENDOR=Microsoft, OS_ARCH=amd64}
Starting process 'command '/usr/lib/jvm/java-21-openjdk-amd64/bin/java''. Working directory: /media/crystalneko/enkoo/java/pvzce/.gradle-user/.tmp/tmp-jvm12194705787088317703probe Command: /usr/lib/jvm/java-21-openjdk-amd64/bin/java -Xmx32m -Xms32m -cp . JavaProbe
Successfully started process 'command '/usr/lib/jvm/java-21-openjdk-amd64/bin/java''
Received JVM installation metadata from '/usr/lib/jvm/java-21-openjdk-amd64': {JAVA_HOME=/usr/lib/jvm/java-21-openjdk-amd64, JAVA_VERSION=21.0.12.1, JAVA_VENDOR=Ubuntu, RUNTIME_NAME=OpenJDK Runtime Environment, RUNTIME_VERSION=21.0.12.1+1-1-26.04.4-Ubuntu, VM_NAME=OpenJDK 64-Bit Server VM, VM_VERSION=21.0.12.1+1-1-26.04.4-Ubuntu, VM_VENDOR=Ubuntu, OS_ARCH=amd64}
Starting process 'command '/home/crystalneko/.jdks/openjdk-25.0.1/bin/java''. Working directory: /media/crystalneko/enkoo/java/pvzce/.gradle-user/.tmp/tmp-jvm3990597692278768317probe Command: /home/crystalneko/.jdks/openjdk-25.0.1/bin/java -Xmx32m -Xms32m -cp . JavaProbe
Successfully started process 'command '/home/crystalneko/.jdks/openjdk-25.0.1/bin/java''
Received JVM installation metadata from '/home/crystalneko/.jdks/openjdk-25.0.1': {JAVA_HOME=/home/crystalneko/.jdks/openjdk-25.0.1, JAVA_VERSION=25.0.1, JAVA_VENDOR=Oracle Corporation, RUNTIME_NAME=OpenJDK Runtime Environment, RUNTIME_VERSION=25.0.1+8-27, VM_NAME=OpenJDK 64-Bit Server VM, VM_VERSION=25.0.1+8-27, VM_VENDOR=Oracle Corporation, OS_ARCH=amd64}
Tasks to be executed: [task ':pvzce-loader:compileJava', task ':pvzce-api:compileJava', task ':pvzce-api:processResources', task ':pvzce-api:classes', task ':pvzce-api:jar', task ':pvzce-game:compileJava', task ':pvzce-game:processResources', task ':pvzce-game:classes', task ':pvzce-game:compileTestJava', task ':pvzce-game:processTestResources', task ':pvzce-game:testClasses', task ':pvzce-loader:processResources', task ':pvzce-loader:classes', task ':pvzce-loader:jar', task ':pvzce-game:test']
Tasks that were excluded: []
Resolve mutations for :pvzce-loader:compileJava (Thread[#184,Execution worker,5,main]) started.
Resolve mutations for :pvzce-api:processResources (Thread[#186,Execution worker Thread 3,5,main]) started.
Resolve mutations for :pvzce-game:processResources (Thread[#185,Execution worker Thread 2,5,main]) started.
:pvzce-api:processResources (Thread[#186,Execution worker Thread 3,5,main]) started.
:pvzce-game:processResources (Thread[#185,Execution worker Thread 2,5,main]) started.
:pvzce-loader:compileJava (Thread[#184,Execution worker,5,main]) started.

> Task :pvzce-api:processResources NO-SOURCE
Skipping task ':pvzce-api:processResources' as it has no source files and no previous output files.
This JVM does not support getting OS memory, so no OS memory status updates will be broadcast

> Task :pvzce-game:processResources
Caching disabled for task ':pvzce-game:processResources' because:
  Build cache is disabled
  Not worth caching
Task ':pvzce-game:processResources' is not up-to-date because:
  Executed with '--rerun-tasks'.
Resolve mutations for :pvzce-game:processTestResources (Thread[#185,Execution worker Thread 2,5,main]) started.
:pvzce-game:processTestResources (Thread[#185,Execution worker Thread 2,5,main]) started.

> Task :pvzce-game:processTestResources NO-SOURCE
Skipping task ':pvzce-game:processTestResources' as it has no source files and no previous output files.

> Task :pvzce-loader:compileJava
Caching disabled for task ':pvzce-loader:compileJava' because:
  Build cache is disabled
Task ':pvzce-loader:compileJava' is not up-to-date because:
  Executed with '--rerun-tasks'.
The input changes require a full rebuild for incremental task ':pvzce-loader:compileJava'.
Compilation mode: default, forking compiler
Full recompilation is required because no incremental change information is available. This is usually caused by clean builds or changing compiler arguments.
Compiling with toolchain '/home/crystalneko/.jdks/ms-21.0.11'.
Starting process 'Gradle Worker Daemon 1'. Working directory: /media/crystalneko/enkoo/java/pvzce/.gradle-user/workers Command: /home/crystalneko/.jdks/ms-21.0.11/bin/java --add-exports=jdk.compiler/com.sun.tools.javac.api=ALL-UNNAMED --add-exports=jdk.compiler/com.sun.tools.javac.util=ALL-UNNAMED @/media/crystalneko/enkoo/java/pvzce/.gradle-user/.tmp/gradle-worker-classpath13333641446903637259txt -Xmx512m -Dfile.encoding=UTF-8 -Duser.country=CN -Duser.language=zh -Duser.variant worker.org.gradle.process.internal.worker.GradleWorkerMain 'Gradle Worker Daemon 1'
Successfully started process 'Gradle Worker Daemon 1'
Started Gradle worker daemon (0.176 secs) with fork options DaemonForkOptions{executable=/home/crystalneko/.jdks/ms-21.0.11/bin/java, minHeapSize=null, maxHeapSize=null, jvmArgs=[--add-exports=jdk.compiler/com.sun.tools.javac.api=ALL-UNNAMED, --add-exports=jdk.compiler/com.sun.tools.javac.util=ALL-UNNAMED], keepAliveMode=DAEMON}.
Compiling with JDK Java compiler API.
注: 某些输入文件使用或覆盖了已过时的 API。
注: 有关详细信息, 请使用 -Xlint:deprecation 重新编译。
Class dependency analysis for incremental compilation took 0.034 secs.
Created classpath snapshot for incremental compilation in 0.009 secs.
work action resolve main (project :pvzce-loader) (Thread[#184,Execution worker,5,main]) started.
Resolve mutations for :pvzce-api:compileJava (Thread[#184,Execution worker,5,main]) started.
Resolve mutations for :pvzce-loader:processResources (Thread[#201,Execution worker Thread 18,5,main]) started.
:pvzce-loader:processResources (Thread[#201,Execution worker Thread 18,5,main]) started.
:pvzce-api:compileJava (Thread[#184,Execution worker,5,main]) started.

> Task :pvzce-loader:processResources
Caching disabled for task ':pvzce-loader:processResources' because:
  Build cache is disabled
  Not worth caching
Task ':pvzce-loader:processResources' is not up-to-date because:
  Executed with '--rerun-tasks'.
Resolve mutations for :pvzce-loader:classes (Thread[#201,Execution worker Thread 18,5,main]) started.
:pvzce-loader:classes (Thread[#201,Execution worker Thread 18,5,main]) started.

> Task :pvzce-loader:classes
Skipping task ':pvzce-loader:classes' as it has no actions.
Resolve mutations for :pvzce-loader:jar (Thread[#201,Execution worker Thread 18,5,main]) started.
:pvzce-loader:jar (Thread[#201,Execution worker Thread 18,5,main]) started.

> Task :pvzce-api:compileJava
Caching disabled for task ':pvzce-api:compileJava' because:
  Build cache is disabled
Task ':pvzce-api:compileJava' is not up-to-date because:
  Executed with '--rerun-tasks'.
The input changes require a full rebuild for incremental task ':pvzce-api:compileJava'.
Compilation mode: default, forking compiler
Full recompilation is required because no incremental change information is available. This is usually caused by clean builds or changing compiler arguments.
Compiling with toolchain '/home/crystalneko/.jdks/ms-21.0.11'.
Compiling with JDK Java compiler API.
Class dependency analysis for incremental compilation took 0.001 secs.
Created classpath snapshot for incremental compilation in 0.047 secs.
work action resolve main (project :pvzce-api) (Thread[#184,Execution worker,5,main]) started.
Resolve mutations for :pvzce-api:classes (Thread[#184,Execution worker,5,main]) started.
Resolve mutations for :pvzce-game:compileJava (Thread[#206,Execution worker Thread 23,5,main]) started.
:pvzce-api:classes (Thread[#184,Execution worker,5,main]) started.

> Task :pvzce-api:classes
Skipping task ':pvzce-api:classes' as it has no actions.
Resolve mutations for :pvzce-api:jar (Thread[#184,Execution worker,5,main]) started.
:pvzce-game:compileJava (Thread[#206,Execution worker Thread 23,5,main]) started.
:pvzce-api:jar (Thread[#184,Execution worker,5,main]) started.

> Task :pvzce-api:jar
Caching disabled for task ':pvzce-api:jar' because:
  Build cache is disabled
  Not worth caching
Task ':pvzce-api:jar' is not up-to-date because:
  Executed with '--rerun-tasks'.
file or directory '/media/crystalneko/enkoo/java/pvzce/pvzce-api/build/resources/main', not found
work action resolve pvzce-api-1.0.0.jar (project :pvzce-api) (Thread[#184,Execution worker,5,main]) started.

> Task :pvzce-loader:jar
Caching disabled for task ':pvzce-loader:jar' because:
  Build cache is disabled
  Not worth caching
Task ':pvzce-loader:jar' is not up-to-date because:
  Executed with '--rerun-tasks'.
work action resolve pvzce-loader-1.0.0.jar (project :pvzce-loader) (Thread[#201,Execution worker Thread 18,5,main]) started.

> Task :pvzce-game:compileJava
Caching disabled for task ':pvzce-game:compileJava' because:
  Build cache is disabled
Task ':pvzce-game:compileJava' is not up-to-date because:
  Executed with '--rerun-tasks'.
The input changes require a full rebuild for incremental task ':pvzce-game:compileJava'.
Compilation mode: default, forking compiler
Full recompilation is required because no incremental change information is available. This is usually caused by clean builds or changing compiler arguments.
Compiling with toolchain '/home/crystalneko/.jdks/ms-21.0.11'.
Compiling with JDK Java compiler API.
注: 某些输入文件使用了未经检查或不安全的操作。
注: 有关详细信息, 请使用 -Xlint:unchecked 重新编译。
Class dependency analysis for incremental compilation took 0.024 secs.
Created classpath snapshot for incremental compilation in 0.028 secs.
Resolve mutations for :pvzce-game:classes (Thread[#206,Execution worker Thread 23,5,main]) started.
:pvzce-game:classes (Thread[#206,Execution worker Thread 23,5,main]) started.

> Task :pvzce-game:classes
Skipping task ':pvzce-game:classes' as it has no actions.
Resolve mutations for :pvzce-game:compileTestJava (Thread[#206,Execution worker Thread 23,5,main]) started.
:pvzce-game:compileTestJava (Thread[#206,Execution worker Thread 23,5,main]) started.

> Task :pvzce-game:compileTestJava
Caching disabled for task ':pvzce-game:compileTestJava' because:
  Build cache is disabled
Task ':pvzce-game:compileTestJava' is not up-to-date because:
  Executed with '--rerun-tasks'.
The input changes require a full rebuild for incremental task ':pvzce-game:compileTestJava'.
Compilation mode: default, forking compiler
Full recompilation is required because no incremental change information is available. This is usually caused by clean builds or changing compiler arguments.
Compiling with toolchain '/home/crystalneko/.jdks/ms-21.0.11'.
Compiling with JDK Java compiler API.
Class dependency analysis for incremental compilation took 0.006 secs.
Created classpath snapshot for incremental compilation in 0.007 secs.
Resolve mutations for :pvzce-game:testClasses (Thread[#206,Execution worker Thread 23,5,main]) started.
:pvzce-game:testClasses (Thread[#206,Execution worker Thread 23,5,main]) started.

> Task :pvzce-game:testClasses
Skipping task ':pvzce-game:testClasses' as it has no actions.
Resolve mutations for :pvzce-game:test (Thread[#206,Execution worker Thread 23,5,main]) started.
:pvzce-game:test (Thread[#206,Execution worker Thread 23,5,main]) started.
Gradle Test Executor 2 started executing tests.
Gradle Test Executor 2 finished executing tests.

> Task :pvzce-game:test
Caching disabled for task ':pvzce-game:test' because:
  Build cache is disabled
  Gradle does not know how file 'build/test-results/test/binary/output-events.bin' was created (output property 'binaryResultsDirectory'). Task output caching requires exclusive access to output paths to guarantee correctness (i.e. multiple tasks are not allowed to produce output in the same location).
Task ':pvzce-game:test' is not up-to-date because:
  Executed with '--rerun-tasks'.
Starting process 'Gradle Test Executor 2'. Working directory: /media/crystalneko/enkoo/java/pvzce/pvzce-game Command: /home/crystalneko/.jdks/ms-21.0.11/bin/java -Dorg.gradle.internal.worker.tmpdir=/media/crystalneko/enkoo/java/pvzce/pvzce-game/build/tmp/test/work -Dpvzce.pacingReport=true @/media/crystalneko/enkoo/java/pvzce/.gradle-user/.tmp/gradle-worker-classpath7340295605754534032txt -Xmx512m -Dfile.encoding=UTF-8 -Duser.country=CN -Duser.language=zh -Duser.variant -ea worker.org.gradle.process.internal.worker.GradleWorkerMain 'Gradle Test Executor 2'
Successfully started process 'Gradle Test Executor 2'

WavePacingMetricsTest > everyShippedLevelCanBeFinishedAndReportsItsPacing() STANDARD_OUT
    23:12:42.000 [Test worker] INFO  PVZCE/Level - Game over, winner=pvzce:plant_team
    23:12:42.058 [Test worker] INFO  PVZCE/Level - Game over, winner=pvzce:plant_team
    23:12:42.130 [Test worker] INFO  PVZCE/Level - Game over, winner=pvzce:zombie_team
    23:12:42.133 [Test worker] INFO  PVZCE/Level - Level pvzce:yard/minigame/sleep_deprivation note: fixed deck: the level's 5 cards fill all 5 slots, so the player only picks when they unlock more (raise max_seed_slots above 5 to leave room)
    23:12:42.148 [Test worker] INFO  PVZCE/Level - Game over, winner=pvzce:plant_team
    23:12:42.149 [Test worker] INFO  PVZCE/Level - Level pvzce:yard/minigame/sleep_deprivation note: fixed deck: the level's 5 cards fill all 5 slots, so the player only picks when they unlock more (raise max_seed_slots above 5 to leave room)
    23:12:42.159 [Test worker] INFO  PVZCE/Level - Game over, winner=pvzce:plant_team
    23:12:42.159 [Test worker] INFO  PVZCE/Level - Level pvzce:yard/minigame/sleep_deprivation note: fixed deck: the level's 5 cards fill all 5 slots, so the player only picks when they unlock more (raise max_seed_slots above 5 to leave room)
    23:12:42.172 [Test worker] INFO  PVZCE/Level - Game over, winner=pvzce:plant_team
    23:12:42.206 [Test worker] INFO  PVZCE/Level - Game over, winner=pvzce:plant_team
    23:12:42.245 [Test worker] INFO  PVZCE/Level - Game over, winner=pvzce:plant_team
    23:12:42.281 [Test worker] INFO  PVZCE/Level - Game over, winner=pvzce:zombie_team
    23:12:42.323 [Test worker] INFO  PVZCE/Level - Game over, winner=pvzce:plant_team
    23:12:42.365 [Test worker] INFO  PVZCE/Level - Game over, winner=pvzce:plant_team
    23:12:42.407 [Test worker] INFO  PVZCE/Level - Game over, winner=pvzce:plant_team
    23:12:42.422 [Test worker] INFO  PVZCE/Level - Game over, winner=pvzce:plant_team
    23:12:42.441 [Test worker] INFO  PVZCE/Level - Game over, winner=pvzce:plant_team
    23:12:42.465 [Test worker] INFO  PVZCE/Level - Game over, winner=pvzce:plant_team
    23:12:42.485 [Test worker] INFO  PVZCE/Level - Game over, winner=pvzce:plant_team
    23:12:42.517 [Test worker] INFO  PVZCE/Level - Game over, winner=pvzce:plant_team
    23:12:42.555 [Test worker] INFO  PVZCE/Level - Game over, winner=pvzce:plant_team
    23:12:42.568 [Test worker] INFO  PVZCE/Level - Game over, winner=pvzce:plant_team
    23:12:42.582 [Test worker] INFO  PVZCE/Level - Game over, winner=pvzce:plant_team
    23:12:42.603 [Test worker] INFO  PVZCE/Level - Game over, winner=pvzce:plant_team
    23:12:42.615 [Test worker] INFO  PVZCE/Level - Game over, winner=pvzce:plant_team
    23:12:42.630 [Test worker] INFO  PVZCE/Level - Game over, winner=pvzce:plant_team
    23:12:42.648 [Test worker] INFO  PVZCE/Level - Game over, winner=pvzce:plant_team
    23:12:42.660 [Test worker] INFO  PVZCE/Level - Game over, winner=pvzce:plant_team
    23:12:42.675 [Test worker] INFO  PVZCE/Level - Game over, winner=pvzce:plant_team
    23:12:42.699 [Test worker] INFO  PVZCE/Level - Game over, winner=pvzce:plant_team
    23:12:42.718 [Test worker] INFO  PVZCE/Level - Game over, winner=pvzce:plant_team
    23:12:42.740 [Test worker] INFO  PVZCE/Level - Game over, winner=pvzce:plant_team
    23:12:42.766 [Test worker] INFO  PVZCE/Level - Game over, winner=pvzce:plant_team
    23:12:42.788 [Test worker] INFO  PVZCE/Level - Game over, winner=pvzce:plant_team
    23:12:42.809 [Test worker] INFO  PVZCE/Level - Game over, winner=pvzce:zombie_team
    23:12:42.822 [Test worker] INFO  PVZCE/Level - Game over, winner=pvzce:zombie_team
    23:12:42.850 [Test worker] INFO  PVZCE/Level - Game over, winner=pvzce:plant_team
    23:12:42.884 [Test worker] INFO  PVZCE/Level - Game over, winner=pvzce:plant_team
    23:12:42.927 [Test worker] INFO  PVZCE/Level - Game over, winner=pvzce:plant_team
    23:12:42.933 [Test worker] INFO  PVZCE/Level - Game over, winner=pvzce:plant_team
    23:12:42.941 [Test worker] INFO  PVZCE/Level - Game over, winner=pvzce:plant_team
    23:12:42.956 [Test worker] INFO  PVZCE/Level - Game over, winner=pvzce:plant_team
    23:12:42.957 [Test worker] INFO  PVZCE/Level - Level pvzce:yard/adventure/2_5 note: fixed deck: the level's 4 cards fill all 4 slots, so the player only picks when they unlock more (raise max_seed_slots above 4 to leave room)
    23:12:42.971 [Test worker] INFO  PVZCE/Level - Game over, winner=pvzce:zombie_team
    23:12:42.972 [Test worker] INFO  PVZCE/Level - Level pvzce:yard/adventure/2_5 note: fixed deck: the level's 4 cards fill all 4 slots, so the player only picks when they unlock more (raise max_seed_slots above 4 to leave room)
    23:12:42.977 [Test worker] INFO  PVZCE/Level - Game over, winner=pvzce:zombie_team
    23:12:42.977 [Test worker] INFO  PVZCE/Level - Level pvzce:yard/adventure/2_5 note: fixed deck: the level's 4 cards fill all 4 slots, so the player only picks when they unlock more (raise max_seed_slots above 4 to leave room)
    23:12:42.980 [Test worker] INFO  PVZCE/Level - Game over, winner=pvzce:zombie_team
    23:12:42.983 [Test worker] INFO  PVZCE/Level - Game over, winner=pvzce:plant_team
    23:12:42.987 [Test worker] INFO  PVZCE/Level - Game over, winner=pvzce:plant_team
    23:12:42.992 [Test worker] INFO  PVZCE/Level - Game over, winner=pvzce:plant_team
    23:12:43.004 [Test worker] INFO  PVZCE/Level - Game over, winner=pvzce:plant_team
    23:12:43.018 [Test worker] INFO  PVZCE/Level - Game over, winner=pvzce:plant_team
    23:12:43.043 [Test worker] INFO  PVZCE/Level - Game over, winner=pvzce:plant_team
    23:12:43.049 [Test worker] INFO  PVZCE/Level - Game over, winner=pvzce:plant_team
    23:12:43.056 [Test worker] INFO  PVZCE/Level - Game over, winner=pvzce:plant_team
    23:12:43.068 [Test worker] INFO  PVZCE/Level - Game over, winner=pvzce:plant_team
    23:12:43.080 [Test worker] INFO  PVZCE/Level - Game over, winner=pvzce:plant_team
    23:12:43.096 [Test worker] INFO  PVZCE/Level - Game over, winner=pvzce:plant_team
    23:12:43.122 [Test worker] INFO  PVZCE/Level - Game over, winner=pvzce:plant_team
    23:12:43.123 [Test worker] INFO  PVZCE/Level - Level pvzce:yard/adventure/1_1 note: fixed deck: the level's 2 cards fill all 2 slots, so the player only picks when they unlock more (raise max_seed_slots above 2 to leave room)
    23:12:43.124 [Test worker] INFO  PVZCE/Level - Game over, winner=pvzce:plant_team
    23:12:43.124 [Test worker] INFO  PVZCE/Level - Level pvzce:yard/adventure/1_1 note: fixed deck: the level's 2 cards fill all 2 slots, so the player only picks when they unlock more (raise max_seed_slots above 2 to leave room)
    23:12:43.126 [Test worker] INFO  PVZCE/Level - Game over, winner=pvzce:plant_team
    23:12:43.126 [Test worker] INFO  PVZCE/Level - Level pvzce:yard/adventure/1_1 note: fixed deck: the level's 2 cards fill all 2 slots, so the player only picks when they unlock more (raise max_seed_slots above 2 to leave room)
    23:12:43.128 [Test worker] INFO  PVZCE/Level - Game over, winner=pvzce:plant_team
    23:12:43.131 [Test worker] INFO  PVZCE/Level - Game over, winner=pvzce:plant_team
    23:12:43.134 [Test worker] INFO  PVZCE/Level - Game over, winner=pvzce:plant_team
    23:12:43.138 [Test worker] INFO  PVZCE/Level - Game over, winner=pvzce:plant_team
    23:12:43.146 [Test worker] INFO  PVZCE/Level - Game over, winner=pvzce:plant_team
    23:12:43.155 [Test worker] INFO  PVZCE/Level - Game over, winner=pvzce:plant_team
    23:12:43.170 [Test worker] INFO  PVZCE/Level - Game over, winner=pvzce:plant_team
    23:12:43.171 [Test worker] INFO  PVZCE/Level - Level pvzce:yard/adventure/demo_level note: fixed deck: the level's 13 cards fill all 13 slots, so the player only picks when they unlock more (raise max_seed_slots above 13 to leave room)
    23:12:43.173 [Test worker] INFO  PVZCE/Level - Game over, winner=pvzce:plant_team
    23:12:43.173 [Test worker] INFO  PVZCE/Level - Level pvzce:yard/adventure/demo_level note: fixed deck: the level's 13 cards fill all 13 slots, so the player only picks when they unlock more (raise max_seed_slots above 13 to leave room)
    23:12:43.175 [Test worker] INFO  PVZCE/Level - Game over, winner=pvzce:plant_team
    23:12:43.175 [Test worker] INFO  PVZCE/Level - Level pvzce:yard/adventure/demo_level note: fixed deck: the level's 13 cards fill all 13 slots, so the player only picks when they unlock more (raise max_seed_slots above 13 to leave room)
    23:12:43.179 [Test worker] INFO  PVZCE/Level - Game over, winner=pvzce:plant_team
    23:12:43.179 [Test worker] INFO  PVZCE/Level - Level pvzce:yard/adventure/combat_test note: fixed deck: the level's 14 cards fill all 14 slots, so the player only picks when they unlock more (raise max_seed_slots above 14 to leave room)
    23:12:43.186 [Test worker] INFO  PVZCE/Level - Game over, winner=pvzce:plant_team
    23:12:43.186 [Test worker] INFO  PVZCE/Level - Level pvzce:yard/adventure/combat_test note: fixed deck: the level's 14 cards fill all 14 slots, so the player only picks when they unlock more (raise max_seed_slots above 14 to leave room)
    23:12:43.192 [Test worker] INFO  PVZCE/Level - Game over, winner=pvzce:plant_team
    23:12:43.193 [Test worker] INFO  PVZCE/Level - Level pvzce:yard/adventure/combat_test note: fixed deck: the level's 14 cards fill all 14 slots, so the player only picks when they unlock more (raise max_seed_slots above 14 to leave room)
    23:12:43.201 [Test worker] INFO  PVZCE/Level - Game over, winner=pvzce:plant_team
    === level pacing ===
    level                              profile   ticks  waves  zombies longestEmpty  empty%   peak
    adventure/2_10                     fast      14642      8      103       221     10%     23
    adventure/2_10                     normal    17012      8      104       161      3%     31
    adventure/2_10                     slow      16748      8      106        91      1%     48
    minigame/sleep_deprivation         fast       9302      6       29       612     77%      2
    minigame/sleep_deprivation         normal     9812      6       29       618     65%      3
    minigame/sleep_deprivation         slow      11522      6       29       455     30%      4
    adventure/1_10                     fast      15752     12       91       356     29%      3
    adventure/1_10                     normal    19082     12       91       235     12%      8
    adventure/1_10                     slow      18468     10       67        91      1%     15
    adventure/1_9                      fast      24932     11       78       721     73%      2
    adventure/1_9                      normal    26462     11       78       661     55%      3
    adventure/1_9                      slow      30962     11       78       522     23%      6
    adventure/2_8                      fast      13952      6       58       616     57%     12
    adventure/2_8                      normal    15482      6       59       609     43%     16
    adventure/2_8                      slow      18156      6       60       416     13%     20
    adventure/2_9                      fast      18692      7       85       616     49%     15
    adventure/2_9                      normal    20882      7       88       599     25%     22
    adventure/2_9                      slow      24482      7       87       416      7%     22
    adventure/1_7                      fast      17222      8       56       857     77%      2
    adventure/1_7                      normal    18452      8       56       841     57%      4
    adventure/1_7                      slow      22802      8       56       841     23%      6
    adventure/2_6                      fast      13052      6       45       619     58%     10
    adventure/2_6                      normal    14042      6       45       609     45%      9
    adventure/2_6                      slow      16322      6       45       376     14%     13
    adventure/1_8                      fast      19172      9       58       798     84%      2
    adventure/1_8                      normal    20252      9       58       788     67%      3
    adventure/1_8                      slow      24722      9       58       616     24%      5
    adventure/2_7                      fast      18602      7       72       616     54%     11
    adventure/2_7                      normal    20792      7       72       599     36%     12
    adventure/2_7                      slow      23282      7       72       416     10%     16
    adventure/1_5                      fast      10802     11      116       171      5%     17
    adventure/1_5                      normal     8898      9       77       111      2%     25
    adventure/1_5                      slow       7154      5       37        41      1%     20
    adventure/2_4                      fast      25022      9       91       579     57%     10
    adventure/2_4                      normal    27812      9       91       545     30%     14
    adventure/2_4                      slow      32642      9       91       341      7%     14
    adventure/1_6                      fast      10952      6       37       738     76%      2
    adventure/1_6                      normal    11882      6       37       731     54%      3
    adventure/1_6                      slow      15122      6       37       540     22%      6
    adventure/2_5                      fast       4981      2       55        89      4%     11
    adventure/2_5                      normal     2411      1       26        89      4%     12
    adventure/2_5                      slow       1510      1       16         0      0%     11
    adventure/1_3                      fast       6512      4       15       585     89%      1
    adventure/1_3                      normal     6842      4       15       593     73%      2
    adventure/1_3                      slow       7682      4       15       544     53%      4
    adventure/2_2                      fast      17192      8       57       588     62%      8
    adventure/2_2                      normal    18182      8       57       558     49%      8
    adventure/2_2                      slow      22362      8       57       341     12%     12
    adventure/1_4                      fast       7652      4       30       581     48%      2
    adventure/1_4                      normal     9092      4       30       541     27%      3
    adventure/1_4                      slow      11522      4       30       441     14%      7
    adventure/2_3                      fast      17732      8       61       588     63%      6
    adventure/2_3                      normal    19082      8       61       555     39%      7
    adventure/2_3                      slow      23706      8       61       404     13%     12
    adventure/1_1                      fast       2882      3        5       500     92%      1
    adventure/1_1                      normal     3062      3        5       490     77%      1
    adventure/1_1                      slow       3362      3        5       440     59%      1
    adventure/1_2                      fast       6752      3       11       589     97%      1
    adventure/1_2                      normal     6932      3       11       600     90%      1
    adventure/1_2                      slow       7202      3       11       565     77%      1
    adventure/2_1                      fast      10802      6       36       619     64%      6
    adventure/2_1                      normal    11522      6       36       609     51%      7
    adventure/2_1                      slow      15362      6       36       415     16%      9
    adventure/demo_level               fast       3062      4        9       373     80%      1
    adventure/demo_level               normal     3332      4        9       363     65%      1
    adventure/demo_level               slow       4322      4        9       333     22%      2
    adventure/combat_test              fast       3422      5       14       281     60%      1
    adventure/combat_test              normal     3872      5       14       271     45%      1
    adventure/combat_test              slow       6002      5       15       221      8%      2
Generating HTML test report...
Finished generating test html results (0.013 secs) into: /media/crystalneko/enkoo/java/pvzce/pvzce-game/build/reports/tests/test
Finished generating test XML results (0.002 secs) into: /media/crystalneko/enkoo/java/pvzce/pvzce-game/build/test-results/test

[Incubating] Problems report is available at: file:///media/crystalneko/enkoo/java/pvzce/build/reports/problems/problems-report.html

Deprecated Gradle features were used in this build, making it incompatible with Gradle 10.

You can use '--warning-mode all' to show the individual deprecation warnings and determine if they come from your own scripts or plugins.

For more on this, please refer to https://docs.gradle.org/9.3.0/userguide/command_line_interface.html#sec:command_line_warnings in the Gradle documentation.

BUILD SUCCESSFUL in 11s
9 actionable tasks: 9 executed
