WARNING: A restricted method in java.lang.System has been called
WARNING: java.lang.System::load has been called by net.rubygrapefruit.platform.internal.NativeLibraryLoader in an unnamed module (file:/media/crystalneko/enkoo/java/pvzce/.gradle-user/wrapper/dists/gradle-9.3.0-bin/79n14ral3mx1ozqr3csh2u872/gradle-9.3.0/lib/native-platform-0.22-milestone-29.jar)
WARNING: Use --enable-native-access=ALL-UNNAMED to avoid a warning for callers in this module
WARNING: Restricted methods will be blocked in a future release unless native access is enabled

Initialized native services in: /media/crystalneko/enkoo/java/pvzce/.gradle-user/native
Initialized jansi services in: /media/crystalneko/enkoo/java/pvzce/.gradle-user/native
Removing daemon from the registry due to communication failure. Daemon information: DaemonInfo{pid=58, address=[836ec453-391b-4c15-81b2-ada85d666a12 port:38457, addresses:[/127.0.0.1]], state=Idle, lastBusy=1790259226146, context=DefaultDaemonContext[uid=cb098d90-447a-4f86-afc9-5f598afead2b,javaHome=/usr/lib/jvm/java-25-openjdk-amd64,javaVersion=25,javaVendor=Ubuntu,daemonRegistryDir=/media/crystalneko/enkoo/java/pvzce/.gradle-user/daemon,pid=58,idleTimeout=10800000,priority=NORMAL,applyInstrumentationAgent=true,nativeServicesMode=ENABLED,daemonOpts=-Xmx2048M,-Dfile.encoding=UTF-8,-Duser.country=CN,-Duser.language=zh,-Duser.variant]}
Removing 0 daemon stop events from registry
Previous Daemon (109) stopped at Thu Sep 24 22:05:46 PST 2026 by user or operating system
Previous Daemon (59) stopped at Thu Sep 24 22:05:54 PST 2026 by user or operating system
Previous Daemon (63) stopped at Thu Sep 24 22:06:00 PST 2026 by user or operating system
Previous Daemon (58) stopped at Thu Sep 24 22:06:10 PST 2026 by user or operating system
Previous Daemon (111) stopped at Thu Sep 24 22:06:17 PST 2026 by user or operating system
Previous Daemon (56) stopped at Thu Sep 24 22:06:29 PST 2026 by user or operating system
Previous Daemon (112) stopped at Thu Sep 24 22:08:22 PST 2026 by user or operating system
Previous Daemon (57) stopped at Thu Sep 24 22:09:52 PST 2026 by user or operating system
Previous Daemon (54) stopped at Thu Sep 24 22:11:44 PST 2026 by user or operating system
Previous Daemon (113) stopped at Thu Sep 24 22:11:51 PST 2026 by user or operating system
Previous Daemon (51) stopped at Thu Sep 24 22:12:31 PST 2026 by user or operating system
Previous Daemon (55) stopped at Thu Sep 24 22:13:22 PST 2026 by user or operating system
Starting a Gradle Daemon, 1 incompatible and 12 stopped Daemons could not be reused, use --status for details
Starting process 'Gradle build daemon'. Working directory: /media/crystalneko/enkoo/java/pvzce/.gradle-user/daemon/9.3.0 Command: /usr/lib/jvm/java-25-openjdk-amd64/bin/java --add-opens=java.base/java.lang=ALL-UNNAMED --add-opens=java.base/java.lang.invoke=ALL-UNNAMED --add-opens=java.base/java.util=ALL-UNNAMED --add-opens=java.prefs/java.util.prefs=ALL-UNNAMED --add-exports=jdk.compiler/com.sun.tools.javac.api=ALL-UNNAMED --add-exports=jdk.compiler/com.sun.tools.javac.util=ALL-UNNAMED --add-opens=java.base/java.util=ALL-UNNAMED --add-opens=java.prefs/java.util.prefs=ALL-UNNAMED --add-opens=java.base/java.nio.charset=ALL-UNNAMED --add-opens=java.base/java.net=ALL-UNNAMED --add-opens=java.base/java.util.concurrent=ALL-UNNAMED --add-opens=java.base/java.util.concurrent.atomic=ALL-UNNAMED --add-opens=java.xml/javax.xml.namespace=ALL-UNNAMED --add-opens=java.base/java.time=ALL-UNNAMED --enable-native-access=ALL-UNNAMED -Xmx2048M -Dfile.encoding=UTF-8 -Duser.country=CN -Duser.language=zh -Duser.variant -cp /media/crystalneko/enkoo/java/pvzce/.gradle-user/wrapper/dists/gradle-9.3.0-bin/79n14ral3mx1ozqr3csh2u872/gradle-9.3.0/lib/gradle-daemon-main-9.3.0.jar -javaagent:/media/crystalneko/enkoo/java/pvzce/.gradle-user/wrapper/dists/gradle-9.3.0-bin/79n14ral3mx1ozqr3csh2u872/gradle-9.3.0/lib/agents/gradle-instrumentation-agent-9.3.0.jar org.gradle.launcher.daemon.bootstrap.GradleDaemon 9.3.0
Successfully started process 'Gradle build daemon'
An attempt to start the daemon took 0.371 secs.
The client will now receive all logging from the daemon (pid: 55). The daemon log file: /media/crystalneko/enkoo/java/pvzce/.gradle-user/daemon/9.3.0/daemon-55.out.log
Starting build in new daemon [memory: 2 GiB]
Using 32 worker leases.
Operational build model parameters: {requiresToolingModels=false, parallelProjectExecution=true, configureOnDemand=false, configurationCache=false, configurationCacheParallelStore=false, configurationCacheParallelLoad=true, isolatedProjects=false, parallelProjectConfiguration=false, intermediateModelCache=false, parallelToolingApiActions=true, invalidateCoupledProjects=false, modelAsProjectDependency=false, resilientModelBuilding=false}
Received JVM installation metadata from '/usr/lib/jvm/java-25-openjdk-amd64': {JAVA_HOME=/usr/lib/jvm/java-25-openjdk-amd64, JAVA_VERSION=25.0.4.1, JAVA_VENDOR=Ubuntu, RUNTIME_NAME=OpenJDK Runtime Environment, RUNTIME_VERSION=25.0.4.1+1-1-26.04.4-Ubuntu, VM_NAME=OpenJDK 64-Bit Server VM, VM_VERSION=25.0.4.1+1-1-26.04.4-Ubuntu, VM_VENDOR=Ubuntu, OS_ARCH=amd64}
Watching the file system is configured to be enabled if available
Now considering [/media/crystalneko/enkoo/java/pvzce] as hierarchies to watch
File system watching is active
Starting Build
Settings evaluated using settings file '/media/crystalneko/enkoo/java/pvzce/settings.gradle'.
Projects loaded. Root project using build file '/media/crystalneko/enkoo/java/pvzce/build.gradle'.
Included projects: [root project 'pvzce', project ':pvzce-api', project ':pvzce-game', project ':pvzce-loader', project ':pvzce-mod-template']

> Configure project :
Evaluating root project 'pvzce' using build file '/media/crystalneko/enkoo/java/pvzce/build.gradle'.
Resolved plugin [id: 'java']

> Configure project :pvzce-api
Evaluating project ':pvzce-api' using build file '/media/crystalneko/enkoo/java/pvzce/pvzce-api/build.gradle'.
Resolved plugin [id: 'java-library']

> Configure project :pvzce-game
Evaluating project ':pvzce-game' using build file '/media/crystalneko/enkoo/java/pvzce/pvzce-game/build.gradle'.
Resolved plugin [id: 'java-library']
Resolved plugin [id: 'application']
Resolved plugin [id: 'com.gradleup.shadow', version: '9.2.2']
Skipping Develocity integration for Shadow plugin.
Setting org.gradle.jvm.version attribute for shadowRuntimeElements configuration.
Setting target JVM version to 21 for shadowRuntimeElements configuration.
Adding shadowRuntimeElements variant to Java component.

> Configure project :pvzce-loader
Evaluating project ':pvzce-loader' using build file '/media/crystalneko/enkoo/java/pvzce/pvzce-loader/build.gradle'.
Resolved plugin [id: 'java-library']

> Configure project :pvzce-mod-template
Evaluating project ':pvzce-mod-template' using build file '/media/crystalneko/enkoo/java/pvzce/pvzce-mod-template/build.gradle'.
Resolved plugin [id: 'java-library']
All projects evaluated.
Task path ':pvzce-game:test' matched project ':pvzce-game'
Task name matched 'test'
Selected primary task 'test' from project :pvzce-game
Path for java installation '/usr/lib/jvm/openjdk-25' (Common Linux Locations) auto-detected does not contain a java executable
Path for java installation '/usr/lib/jvm/openjdk-21' (Common Linux Locations) auto-detected does not contain a java executable
Starting process 'command '/home/crystalneko/.jdks/openjdk-25.0.1/bin/java''. Working directory: /media/crystalneko/enkoo/java/pvzce/.gradle-user/.tmp/tmp-jvm408763540323129129probe Command: /home/crystalneko/.jdks/openjdk-25.0.1/bin/java -Xmx32m -Xms32m -cp . JavaProbe
Successfully started process 'command '/home/crystalneko/.jdks/openjdk-25.0.1/bin/java''
Received JVM installation metadata from '/home/crystalneko/.jdks/openjdk-25.0.1': {JAVA_HOME=/home/crystalneko/.jdks/openjdk-25.0.1, JAVA_VERSION=25.0.1, JAVA_VENDOR=Oracle Corporation, RUNTIME_NAME=OpenJDK Runtime Environment, RUNTIME_VERSION=25.0.1+8-27, VM_NAME=OpenJDK 64-Bit Server VM, VM_VERSION=25.0.1+8-27, VM_VENDOR=Oracle Corporation, OS_ARCH=amd64}
Starting process 'command '/home/crystalneko/.jdks/ms-21.0.11/bin/java''. Working directory: /media/crystalneko/enkoo/java/pvzce/.gradle-user/.tmp/tmp-jvm12539089210736975963probe Command: /home/crystalneko/.jdks/ms-21.0.11/bin/java -Xmx32m -Xms32m -cp . JavaProbe
Successfully started process 'command '/home/crystalneko/.jdks/ms-21.0.11/bin/java''
Received JVM installation metadata from '/home/crystalneko/.jdks/ms-21.0.11': {JAVA_HOME=/home/crystalneko/.jdks/ms-21.0.11, JAVA_VERSION=21.0.11, JAVA_VENDOR=Microsoft, RUNTIME_NAME=OpenJDK Runtime Environment, RUNTIME_VERSION=21.0.11+10-LTS, VM_NAME=OpenJDK 64-Bit Server VM, VM_VERSION=21.0.11+10-LTS, VM_VENDOR=Microsoft, OS_ARCH=amd64}
Starting process 'command '/usr/lib/jvm/java-21-openjdk-amd64/bin/java''. Working directory: /media/crystalneko/enkoo/java/pvzce/.gradle-user/.tmp/tmp-jvm1387625533319079511probe Command: /usr/lib/jvm/java-21-openjdk-amd64/bin/java -Xmx32m -Xms32m -cp . JavaProbe
Successfully started process 'command '/usr/lib/jvm/java-21-openjdk-amd64/bin/java''
Received JVM installation metadata from '/usr/lib/jvm/java-21-openjdk-amd64': {JAVA_HOME=/usr/lib/jvm/java-21-openjdk-amd64, JAVA_VERSION=21.0.12.1, JAVA_VENDOR=Ubuntu, RUNTIME_NAME=OpenJDK Runtime Environment, RUNTIME_VERSION=21.0.12.1+1-1-26.04.4-Ubuntu, VM_NAME=OpenJDK 64-Bit Server VM, VM_VERSION=21.0.12.1+1-1-26.04.4-Ubuntu, VM_VENDOR=Ubuntu, OS_ARCH=amd64}
Tasks to be executed: [task ':pvzce-loader:compileJava', task ':pvzce-api:compileJava', task ':pvzce-api:processResources', task ':pvzce-api:classes', task ':pvzce-api:jar', task ':pvzce-game:compileJava', task ':pvzce-game:processResources', task ':pvzce-game:classes', task ':pvzce-game:compileTestJava', task ':pvzce-game:processTestResources', task ':pvzce-game:testClasses', task ':pvzce-loader:processResources', task ':pvzce-loader:classes', task ':pvzce-loader:jar', task ':pvzce-game:test']
Tasks that were excluded: []
Resolve mutations for :pvzce-loader:compileJava (Thread[#186,Execution worker,5,main]) started.
Resolve mutations for :pvzce-api:processResources (Thread[#187,Execution worker Thread 2,5,main]) started.
Resolve mutations for :pvzce-game:processResources (Thread[#189,Execution worker Thread 4,5,main]) started.
:pvzce-api:processResources (Thread[#187,Execution worker Thread 2,5,main]) started.
:pvzce-loader:compileJava (Thread[#186,Execution worker,5,main]) started.
:pvzce-game:processResources (Thread[#189,Execution worker Thread 4,5,main]) started.

> Task :pvzce-api:processResources NO-SOURCE
Skipping task ':pvzce-api:processResources' as it has no source files and no previous output files.
This JVM does not support getting OS memory, so no OS memory status updates will be broadcast

> Task :pvzce-game:processResources
Caching disabled for task ':pvzce-game:processResources' because:
  Build cache is disabled
  Not worth caching
Task ':pvzce-game:processResources' is not up-to-date because:
  Executed with '--rerun-tasks'.
Resolve mutations for :pvzce-game:processTestResources (Thread[#189,Execution worker Thread 4,5,main]) started.
:pvzce-game:processTestResources (Thread[#189,Execution worker Thread 4,5,main]) started.

> Task :pvzce-game:processTestResources NO-SOURCE
Skipping task ':pvzce-game:processTestResources' as it has no source files and no previous output files.

> Task :pvzce-loader:compileJava
Caching disabled for task ':pvzce-loader:compileJava' because:
  Build cache is disabled
Task ':pvzce-loader:compileJava' is not up-to-date because:
  Executed with '--rerun-tasks'.
The input changes require a full rebuild for incremental task ':pvzce-loader:compileJava'.
Compilation mode: default, forking compiler
Full recompilation is required because no incremental change information is available. This is usually caused by clean builds or changing compiler arguments.
Compiling with toolchain '/home/crystalneko/.jdks/ms-21.0.11'.
Starting process 'Gradle Worker Daemon 1'. Working directory: /media/crystalneko/enkoo/java/pvzce/.gradle-user/workers Command: /home/crystalneko/.jdks/ms-21.0.11/bin/java --add-exports=jdk.compiler/com.sun.tools.javac.api=ALL-UNNAMED --add-exports=jdk.compiler/com.sun.tools.javac.util=ALL-UNNAMED @/media/crystalneko/enkoo/java/pvzce/.gradle-user/.tmp/gradle-worker-classpath17082052070504805006txt -Xmx512m -Dfile.encoding=UTF-8 -Duser.country=CN -Duser.language=zh -Duser.variant worker.org.gradle.process.internal.worker.GradleWorkerMain 'Gradle Worker Daemon 1'
Successfully started process 'Gradle Worker Daemon 1'
Started Gradle worker daemon (0.153 secs) with fork options DaemonForkOptions{executable=/home/crystalneko/.jdks/ms-21.0.11/bin/java, minHeapSize=null, maxHeapSize=null, jvmArgs=[--add-exports=jdk.compiler/com.sun.tools.javac.api=ALL-UNNAMED, --add-exports=jdk.compiler/com.sun.tools.javac.util=ALL-UNNAMED], keepAliveMode=DAEMON}.
Compiling with JDK Java compiler API.
注: 某些输入文件使用或覆盖了已过时的 API。
注: 有关详细信息, 请使用 -Xlint:deprecation 重新编译。
Class dependency analysis for incremental compilation took 0.015 secs.
Created classpath snapshot for incremental compilation in 0.009 secs.
work action resolve main (project :pvzce-loader) (Thread[#186,Execution worker,5,main]) started.
Resolve mutations for :pvzce-api:compileJava (Thread[#186,Execution worker,5,main]) started.
Resolve mutations for :pvzce-loader:processResources (Thread[#211,Execution worker Thread 26,5,main]) started.
:pvzce-loader:processResources (Thread[#212,Execution worker Thread 27,5,main]) started.
:pvzce-api:compileJava (Thread[#186,Execution worker,5,main]) started.

> Task :pvzce-loader:processResources
Caching disabled for task ':pvzce-loader:processResources' because:
  Build cache is disabled
  Not worth caching
Task ':pvzce-loader:processResources' is not up-to-date because:
  Executed with '--rerun-tasks'.
Resolve mutations for :pvzce-loader:classes (Thread[#216,Execution worker Thread 31,5,main]) started.
:pvzce-loader:classes (Thread[#216,Execution worker Thread 31,5,main]) started.

> Task :pvzce-loader:classes
Skipping task ':pvzce-loader:classes' as it has no actions.
Resolve mutations for :pvzce-loader:jar (Thread[#216,Execution worker Thread 31,5,main]) started.
:pvzce-loader:jar (Thread[#216,Execution worker Thread 31,5,main]) started.

> Task :pvzce-api:compileJava
Caching disabled for task ':pvzce-api:compileJava' because:
  Build cache is disabled
Task ':pvzce-api:compileJava' is not up-to-date because:
  Executed with '--rerun-tasks'.
The input changes require a full rebuild for incremental task ':pvzce-api:compileJava'.
Compilation mode: default, forking compiler
Full recompilation is required because no incremental change information is available. This is usually caused by clean builds or changing compiler arguments.
Compiling with toolchain '/home/crystalneko/.jdks/ms-21.0.11'.
Compiling with JDK Java compiler API.
Class dependency analysis for incremental compilation took 0.0 secs.
Created classpath snapshot for incremental compilation in 0.032 secs.
work action resolve main (project :pvzce-api) (Thread[#186,Execution worker,5,main]) started.
Resolve mutations for :pvzce-api:classes (Thread[#186,Execution worker,5,main]) started.
Resolve mutations for :pvzce-game:compileJava (Thread[#190,Execution worker Thread 5,5,main]) started.
:pvzce-api:classes (Thread[#186,Execution worker,5,main]) started.

> Task :pvzce-api:classes
Skipping task ':pvzce-api:classes' as it has no actions.
Resolve mutations for :pvzce-api:jar (Thread[#186,Execution worker,5,main]) started.
:pvzce-api:jar (Thread[#186,Execution worker,5,main]) started.
:pvzce-game:compileJava (Thread[#197,Execution worker Thread 12,5,main]) started.

> Task :pvzce-api:jar
Caching disabled for task ':pvzce-api:jar' because:
  Build cache is disabled
  Not worth caching
Task ':pvzce-api:jar' is not up-to-date because:
  Executed with '--rerun-tasks'.
file or directory '/media/crystalneko/enkoo/java/pvzce/pvzce-api/build/resources/main', not found
work action resolve pvzce-api-1.0.0.jar (project :pvzce-api) (Thread[#186,Execution worker,5,main]) started.

> Task :pvzce-loader:jar
Caching disabled for task ':pvzce-loader:jar' because:
  Build cache is disabled
  Not worth caching
Task ':pvzce-loader:jar' is not up-to-date because:
  Executed with '--rerun-tasks'.
work action resolve pvzce-loader-1.0.0.jar (project :pvzce-loader) (Thread[#216,Execution worker Thread 31,5,main]) started.

> Task :pvzce-game:compileJava
Caching disabled for task ':pvzce-game:compileJava' because:
  Build cache is disabled
Task ':pvzce-game:compileJava' is not up-to-date because:
  Executed with '--rerun-tasks'.
The input changes require a full rebuild for incremental task ':pvzce-game:compileJava'.
Compilation mode: default, forking compiler
Full recompilation is required because no incremental change information is available. This is usually caused by clean builds or changing compiler arguments.
Compiling with toolchain '/home/crystalneko/.jdks/ms-21.0.11'.
Compiling with JDK Java compiler API.
注: 某些输入文件使用了未经检查或不安全的操作。
注: 有关详细信息, 请使用 -Xlint:unchecked 重新编译。
Class dependency analysis for incremental compilation took 0.02 secs.
Created classpath snapshot for incremental compilation in 0.029 secs.
Resolve mutations for :pvzce-game:classes (Thread[#197,Execution worker Thread 12,5,main]) started.
:pvzce-game:classes (Thread[#197,Execution worker Thread 12,5,main]) started.

> Task :pvzce-game:classes
Skipping task ':pvzce-game:classes' as it has no actions.
Resolve mutations for :pvzce-game:compileTestJava (Thread[#197,Execution worker Thread 12,5,main]) started.
:pvzce-game:compileTestJava (Thread[#197,Execution worker Thread 12,5,main]) started.

> Task :pvzce-game:compileTestJava
Caching disabled for task ':pvzce-game:compileTestJava' because:
  Build cache is disabled
Task ':pvzce-game:compileTestJava' is not up-to-date because:
  Executed with '--rerun-tasks'.
The input changes require a full rebuild for incremental task ':pvzce-game:compileTestJava'.
Compilation mode: default, forking compiler
Full recompilation is required because no incremental change information is available. This is usually caused by clean builds or changing compiler arguments.
Compiling with toolchain '/home/crystalneko/.jdks/ms-21.0.11'.
Compiling with JDK Java compiler API.
Class dependency analysis for incremental compilation took 0.005 secs.
Created classpath snapshot for incremental compilation in 0.006 secs.
Resolve mutations for :pvzce-game:testClasses (Thread[#197,Execution worker Thread 12,5,main]) started.
:pvzce-game:testClasses (Thread[#197,Execution worker Thread 12,5,main]) started.

> Task :pvzce-game:testClasses
Skipping task ':pvzce-game:testClasses' as it has no actions.
Resolve mutations for :pvzce-game:test (Thread[#197,Execution worker Thread 12,5,main]) started.
:pvzce-game:test (Thread[#197,Execution worker Thread 12,5,main]) started.
Gradle Test Executor 2 started executing tests.
Gradle Test Executor 2 finished executing tests.

> Task :pvzce-game:test
Caching disabled for task ':pvzce-game:test' because:
  Build cache is disabled
Task ':pvzce-game:test' is not up-to-date because:
  Executed with '--rerun-tasks'.
Starting process 'Gradle Test Executor 2'. Working directory: /media/crystalneko/enkoo/java/pvzce/pvzce-game Command: /home/crystalneko/.jdks/ms-21.0.11/bin/java -Dorg.gradle.internal.worker.tmpdir=/media/crystalneko/enkoo/java/pvzce/pvzce-game/build/tmp/test/work @/media/crystalneko/enkoo/java/pvzce/.gradle-user/.tmp/gradle-worker-classpath6421877697145417707txt -Xmx512m -Dfile.encoding=UTF-8 -Duser.country=CN -Duser.language=zh -Duser.variant -ea worker.org.gradle.process.internal.worker.GradleWorkerMain 'Gradle Test Executor 2'
Successfully started process 'Gradle Test Executor 2'

AdvanceProbeTest > advance() STANDARD_OUT
    PROBE tick=1 wave=0 interval=1 delay=1500 queues=0 alive=0
    WAVE 0 at tick 1
    PROBE tick=251 wave=0 interval=251 delay=1500 queues=0 alive=0
    PROBE tick=501 wave=0 interval=501 delay=1500 queues=0 alive=0
    PROBE tick=751 wave=0 interval=751 delay=1500 queues=0 alive=0
    PROBE tick=1001 wave=0 interval=1001 delay=1500 queues=0 alive=0
    PROBE tick=1251 wave=0 interval=1251 delay=1500 queues=0 alive=0
    PROBE tick=1492 wave=0 interval=1492 delay=1500 queues=0 alive=0
    PROBE tick=1493 wave=0 interval=1493 delay=1500 queues=0 alive=0
    PROBE tick=1494 wave=0 interval=1494 delay=1500 queues=0 alive=0
    PROBE tick=1495 wave=0 interval=1495 delay=1500 queues=0 alive=0
    PROBE tick=1496 wave=0 interval=1496 delay=1500 queues=0 alive=0
    PROBE tick=1497 wave=0 interval=1497 delay=1500 queues=0 alive=0
    PROBE tick=1498 wave=0 interval=1498 delay=1500 queues=0 alive=0
    PROBE tick=1499 wave=0 interval=1499 delay=1500 queues=0 alive=0
    PROBE tick=1500 wave=1 interval=0 delay=1500 queues=1[wave=0 left=1] alive=0
    WAVE 1 at tick 1500
    PROBE tick=1501 wave=1 interval=0 delay=1500 queues=0 alive=0
    PROBE tick=1502 wave=1 interval=3 delay=1500 queues=0 alive=0
    PROBE tick=1503 wave=1 interval=6 delay=1500 queues=0 alive=0
    PROBE tick=1504 wave=1 interval=9 delay=1500 queues=0 alive=0
    PROBE tick=1505 wave=1 interval=12 delay=1500 queues=0 alive=0
    PROBE tick=1751 wave=1 interval=750 delay=1500 queues=0 alive=0
    PROBE tick=2001 wave=1 interval=900 delay=1500 queues=0 alive=0
    PROBE tick=2251 wave=1 interval=900 delay=1500 queues=0 alive=0
    PROBE tick=2501 wave=1 interval=900 delay=1500 queues=0 alive=0
    PROBE tick=2751 wave=1 interval=900 delay=1500 queues=0 alive=0
    PROBE tick=3001 wave=1 interval=900 delay=1500 queues=0 alive=0
    PROBE tick=3251 wave=1 interval=900 delay=1500 queues=0 alive=0
    PROBE tick=3501 wave=1 interval=900 delay=1500 queues=0 alive=0
    PROBE tick=3751 wave=1 interval=900 delay=1500 queues=0 alive=0
    PROBE tick=4001 wave=1 interval=900 delay=1500 queues=0 alive=0
    PROBE tick=4251 wave=1 interval=900 delay=1500 queues=0 alive=0
    PROBE tick=4501 wave=1 interval=900 delay=1500 queues=0 alive=0
    PROBE tick=4751 wave=1 interval=900 delay=1500 queues=0 alive=0
    PROBE tick=5001 wave=1 interval=900 delay=1500 queues=0 alive=0
    PROBE tick=5251 wave=1 interval=900 delay=1500 queues=0 alive=0
    PROBE tick=5501 wave=1 interval=900 delay=1500 queues=0 alive=0
    PROBE tick=5751 wave=1 interval=900 delay=1500 queues=0 alive=0
    PROBE tick=6001 wave=1 interval=900 delay=1500 queues=0 alive=0
    PROBE tick=6251 wave=1 interval=900 delay=1500 queues=0 alive=0
    PROBE tick=6501 wave=1 interval=900 delay=1500 queues=0 alive=0
    PROBE tick=6751 wave=1 interval=900 delay=1500 queues=0 alive=0
    PROBE tick=7001 wave=1 interval=900 delay=1500 queues=0 alive=0
    PROBE tick=7251 wave=1 interval=900 delay=1500 queues=0 alive=0
    PROBE tick=7501 wave=1 interval=900 delay=1500 queues=0 alive=0
    PROBE tick=7751 wave=1 interval=900 delay=1500 queues=0 alive=0
    PROBE tick=8001 wave=1 interval=900 delay=1500 queues=0 alive=0
    PROBE tick=8251 wave=1 interval=900 delay=1500 queues=0 alive=0
    PROBE tick=8501 wave=1 interval=900 delay=1500 queues=0 alive=0
    PROBE tick=8751 wave=1 interval=900 delay=1500 queues=0 alive=0
    PROBE tick=9001 wave=1 interval=900 delay=1500 queues=0 alive=0
    PROBE tick=9251 wave=1 interval=900 delay=1500 queues=0 alive=0
    PROBE tick=9501 wave=1 interval=900 delay=1500 queues=0 alive=0
    PROBE tick=9751 wave=1 interval=900 delay=1500 queues=0 alive=0
    PROBE tick=10001 wave=1 interval=900 delay=1500 queues=0 alive=0
    PROBE tick=10251 wave=1 interval=900 delay=1500 queues=0 alive=0
    PROBE tick=10501 wave=1 interval=900 delay=1500 queues=0 alive=0
    PROBE tick=10751 wave=1 interval=900 delay=1500 queues=0 alive=0
    PROBE tick=11001 wave=1 interval=900 delay=1500 queues=0 alive=0
    PROBE tick=11251 wave=1 interval=900 delay=1500 queues=0 alive=0
    PROBE tick=11501 wave=1 interval=900 delay=1500 queues=0 alive=0
    PROBE tick=11751 wave=1 interval=900 delay=1500 queues=0 alive=0
    PROBE tick=12001 wave=1 interval=900 delay=1500 queues=0 alive=0
    PROBE tick=12251 wave=1 interval=900 delay=1500 queues=0 alive=0
    PROBE tick=12501 wave=1 interval=900 delay=1500 queues=0 alive=0
    PROBE tick=12751 wave=1 interval=900 delay=1500 queues=0 alive=0
    PROBE tick=13001 wave=1 interval=900 delay=1500 queues=0 alive=0
    PROBE tick=13251 wave=1 interval=900 delay=1500 queues=0 alive=0
    PROBE tick=13501 wave=1 interval=900 delay=1500 queues=0 alive=0
    PROBE tick=13751 wave=1 interval=900 delay=1500 queues=0 alive=0
    PROBE tick=14001 wave=1 interval=900 delay=1500 queues=0 alive=0
    PROBE tick=14251 wave=1 interval=900 delay=1500 queues=0 alive=0
    PROBE tick=14501 wave=1 interval=900 delay=1500 queues=0 alive=0
    PROBE tick=14751 wave=1 interval=900 delay=1500 queues=0 alive=0
    PROBE tick=15001 wave=1 interval=900 delay=1500 queues=0 alive=0
    PROBE tick=15251 wave=1 interval=900 delay=1500 queues=0 alive=0
    PROBE tick=15501 wave=1 interval=900 delay=1500 queues=0 alive=0
    PROBE tick=15751 wave=1 interval=900 delay=1500 queues=0 alive=0
    PROBE tick=16001 wave=1 interval=900 delay=1500 queues=0 alive=0
    PROBE tick=16251 wave=1 interval=900 delay=1500 queues=0 alive=0
    PROBE tick=16501 wave=1 interval=900 delay=1500 queues=0 alive=0
    PROBE tick=16751 wave=1 interval=900 delay=1500 queues=0 alive=0
    PROBE tick=17001 wave=1 interval=900 delay=1500 queues=0 alive=0
    PROBE tick=17251 wave=1 interval=900 delay=1500 queues=0 alive=0
    PROBE tick=17501 wave=1 interval=900 delay=1500 queues=0 alive=0
    PROBE tick=17751 wave=1 interval=900 delay=1500 queues=0 alive=0
    PROBE tick=18001 wave=1 interval=900 delay=1500 queues=0 alive=0
    PROBE tick=18251 wave=1 interval=900 delay=1500 queues=0 alive=0
    PROBE tick=18501 wave=1 interval=900 delay=1500 queues=0 alive=0
    PROBE tick=18751 wave=1 interval=900 delay=1500 queues=0 alive=0
    PROBE tick=19001 wave=1 interval=900 delay=1500 queues=0 alive=0
    PROBE tick=19251 wave=1 interval=900 delay=1500 queues=0 alive=0
    PROBE tick=19501 wave=1 interval=900 delay=1500 queues=0 alive=0
    PROBE tick=19751 wave=1 interval=900 delay=1500 queues=0 alive=0
    PROBE tick=20001 wave=1 interval=900 delay=1500 queues=0 alive=0
    PROBE tick=20251 wave=1 interval=900 delay=1500 queues=0 alive=0
    PROBE tick=20501 wave=1 interval=900 delay=1500 queues=0 alive=0
    PROBE tick=20751 wave=1 interval=900 delay=1500 queues=0 alive=0
    PROBE tick=21001 wave=1 interval=900 delay=1500 queues=0 alive=0
    PROBE tick=21251 wave=1 interval=900 delay=1500 queues=0 alive=0
    PROBE tick=21501 wave=1 interval=900 delay=1500 queues=0 alive=0
    PROBE tick=21751 wave=1 interval=900 delay=1500 queues=0 alive=0
    PROBE tick=22001 wave=1 interval=900 delay=1500 queues=0 alive=0
    PROBE tick=22251 wave=1 interval=900 delay=1500 queues=0 alive=0
    PROBE tick=22501 wave=1 interval=900 delay=1500 queues=0 alive=0
    PROBE tick=22751 wave=1 interval=900 delay=1500 queues=0 alive=0
    PROBE tick=23001 wave=1 interval=900 delay=1500 queues=0 alive=0
    PROBE tick=23251 wave=1 interval=900 delay=1500 queues=0 alive=0
    PROBE tick=23501 wave=1 interval=900 delay=1500 queues=0 alive=0
    PROBE tick=23751 wave=1 interval=900 delay=1500 queues=0 alive=0
    PROBE tick=24001 wave=1 interval=900 delay=1500 queues=0 alive=0
    PROBE tick=24251 wave=1 interval=900 delay=1500 queues=0 alive=0
    PROBE tick=24501 wave=1 interval=900 delay=1500 queues=0 alive=0
    PROBE tick=24751 wave=1 interval=900 delay=1500 queues=0 alive=0
    PROBE tick=25001 wave=1 interval=900 delay=1500 queues=0 alive=0
    PROBE tick=25251 wave=1 interval=900 delay=1500 queues=0 alive=0
    PROBE tick=25501 wave=1 interval=900 delay=1500 queues=0 alive=0
    PROBE tick=25751 wave=1 interval=900 delay=1500 queues=0 alive=0
    PROBE tick=26001 wave=1 interval=900 delay=1500 queues=0 alive=0
    PROBE tick=26251 wave=1 interval=900 delay=1500 queues=0 alive=0
    PROBE tick=26501 wave=1 interval=900 delay=1500 queues=0 alive=0
    PROBE tick=26751 wave=1 interval=900 delay=1500 queues=0 alive=0
    PROBE tick=27001 wave=1 interval=900 delay=1500 queues=0 alive=0
    PROBE tick=27251 wave=1 interval=900 delay=1500 queues=0 alive=0
    PROBE tick=27501 wave=1 interval=900 delay=1500 queues=0 alive=0
    PROBE tick=27751 wave=1 interval=900 delay=1500 queues=0 alive=0
    PROBE tick=28001 wave=1 interval=900 delay=1500 queues=0 alive=0
    PROBE tick=28251 wave=1 interval=900 delay=1500 queues=0 alive=0
    PROBE tick=28501 wave=1 interval=900 delay=1500 queues=0 alive=0
    PROBE tick=28751 wave=1 interval=900 delay=1500 queues=0 alive=0
    PROBE tick=29001 wave=1 interval=900 delay=1500 queues=0 alive=0
    PROBE tick=29251 wave=1 interval=900 delay=1500 queues=0 alive=0
    PROBE tick=29501 wave=1 interval=900 delay=1500 queues=0 alive=0
    PROBE tick=29751 wave=1 interval=900 delay=1500 queues=0 alive=0
    PROBE tick=30001 wave=1 interval=900 delay=1500 queues=0 alive=0
    PROBE tick=30251 wave=1 interval=900 delay=1500 queues=0 alive=0
    PROBE tick=30501 wave=1 interval=900 delay=1500 queues=0 alive=0
    PROBE tick=30751 wave=1 interval=900 delay=1500 queues=0 alive=0
    PROBE tick=31001 wave=1 interval=900 delay=1500 queues=0 alive=0
    PROBE tick=31251 wave=1 interval=900 delay=1500 queues=0 alive=0
    PROBE tick=31501 wave=1 interval=900 delay=1500 queues=0 alive=0
    PROBE tick=31751 wave=1 interval=900 delay=1500 queues=0 alive=0
    PROBE tick=32001 wave=1 interval=900 delay=1500 queues=0 alive=0
    PROBE tick=32251 wave=1 interval=900 delay=1500 queues=0 alive=0
    PROBE tick=32501 wave=1 interval=900 delay=1500 queues=0 alive=0
    PROBE tick=32751 wave=1 interval=900 delay=1500 queues=0 alive=0
    PROBE tick=33001 wave=1 interval=900 delay=1500 queues=0 alive=0
    PROBE tick=33251 wave=1 interval=900 delay=1500 queues=0 alive=0
    PROBE tick=33501 wave=1 interval=900 delay=1500 queues=0 alive=0
    PROBE tick=33751 wave=1 interval=900 delay=1500 queues=0 alive=0
    PROBE tick=34001 wave=1 interval=900 delay=1500 queues=0 alive=0
    PROBE tick=34251 wave=1 interval=900 delay=1500 queues=0 alive=0
    PROBE tick=34501 wave=1 interval=900 delay=1500 queues=0 alive=0
    PROBE tick=34751 wave=1 interval=900 delay=1500 queues=0 alive=0
    PROBE tick=35001 wave=1 interval=900 delay=1500 queues=0 alive=0
    PROBE tick=35251 wave=1 interval=900 delay=1500 queues=0 alive=0
    PROBE tick=35501 wave=1 interval=900 delay=1500 queues=0 alive=0
    PROBE tick=35751 wave=1 interval=900 delay=1500 queues=0 alive=0
    PROBE tick=36001 wave=1 interval=900 delay=1500 queues=0 alive=0
    PROBE tick=36251 wave=1 interval=900 delay=1500 queues=0 alive=0
    PROBE tick=36501 wave=1 interval=900 delay=1500 queues=0 alive=0
    PROBE tick=36751 wave=1 interval=900 delay=1500 queues=0 alive=0
    PROBE tick=37001 wave=1 interval=900 delay=1500 queues=0 alive=0
    PROBE tick=37251 wave=1 interval=900 delay=1500 queues=0 alive=0
    PROBE tick=37501 wave=1 interval=900 delay=1500 queues=0 alive=0
    PROBE tick=37751 wave=1 interval=900 delay=1500 queues=0 alive=0
    PROBE tick=38001 wave=1 interval=900 delay=1500 queues=0 alive=0
    PROBE tick=38251 wave=1 interval=900 delay=1500 queues=0 alive=0
    PROBE tick=38501 wave=1 interval=900 delay=1500 queues=0 alive=0
    PROBE tick=38751 wave=1 interval=900 delay=1500 queues=0 alive=0
    PROBE tick=39001 wave=1 interval=900 delay=1500 queues=0 alive=0
    PROBE tick=39251 wave=1 interval=900 delay=1500 queues=0 alive=0
    PROBE tick=39501 wave=1 interval=900 delay=1500 queues=0 alive=0
    PROBE tick=39751 wave=1 interval=900 delay=1500 queues=0 alive=0
    END wave=1 tick=40000 state=running
Generating HTML test report...
Finished generating test html results (0.011 secs) into: /media/crystalneko/enkoo/java/pvzce/pvzce-game/build/reports/tests/test
Finished generating test XML results (0.002 secs) into: /media/crystalneko/enkoo/java/pvzce/pvzce-game/build/test-results/test

[Incubating] Problems report is available at: file:///media/crystalneko/enkoo/java/pvzce/build/reports/problems/problems-report.html

Deprecated Gradle features were used in this build, making it incompatible with Gradle 10.

You can use '--warning-mode all' to show the individual deprecation warnings and determine if they come from your own scripts or plugins.

For more on this, please refer to https://docs.gradle.org/9.3.0/userguide/command_line_interface.html#sec:command_line_warnings in the Gradle documentation.

BUILD SUCCESSFUL in 6s
9 actionable tasks: 9 executed
